[2026-08-12T17:39:05.855+0000] {local_task_job_runner.py:120} INFO - ::group::Pre task execution logs
[2026-08-12T17:39:06.113+0000] {taskinstance.py:2076} INFO - Dependencies all met for dep_context=non-requeueable deps ti=<TaskInstance: daily_scrape_and_load.dbt_run manual__2026-08-12T17:33:17.813307+00:00 [queued]>
[2026-08-12T17:39:06.125+0000] {taskinstance.py:2076} INFO - Dependencies all met for dep_context=requeueable deps ti=<TaskInstance: daily_scrape_and_load.dbt_run manual__2026-08-12T17:33:17.813307+00:00 [queued]>
[2026-08-12T17:39:06.126+0000] {taskinstance.py:2306} INFO - Starting attempt 2 of 3
[2026-08-12T17:39:06.149+0000] {taskinstance.py:2330} INFO - Executing <Task(BashOperator): dbt_run> on 2026-08-12 17:33:17.813307+00:00
[2026-08-12T17:39:06.165+0000] {standard_task_runner.py:90} INFO - Running: ['airflow', 'tasks', 'run', 'daily_scrape_and_load', 'dbt_run', 'manual__2026-08-12T17:33:17.813307+00:00', '--job-id', '20', '--raw', '--subdir', 'DAGS_FOLDER/daily_scrape_and_load.py', '--cfg-path', '/tmp/tmpe2y8gm7y']
[2026-08-12T17:39:06.168+0000] {logging_mixin.py:188} WARNING - /home/airflow/.local/lib/python3.12/site-packages/airflow/task/task_runner/standard_task_runner.py:61 DeprecationWarning: This process (pid=298) is multi-threaded, use of fork() may lead to deadlocks in the child.
[2026-08-12T17:39:06.169+0000] {standard_task_runner.py:91} INFO - Job 20: Subtask dbt_run
[2026-08-12T17:39:06.169+0000] {standard_task_runner.py:63} INFO - Started process 300 to run task
[2026-08-12T17:39:06.286+0000] {task_command.py:426} INFO - Running <TaskInstance: daily_scrape_and_load.dbt_run manual__2026-08-12T17:33:17.813307+00:00 [running]> on host 257838aa279f
[2026-08-12T17:39:06.464+0000] {taskinstance.py:2648} INFO - Exporting env vars: AIRFLOW_CTX_DAG_OWNER='***_tunisia' AIRFLOW_CTX_DAG_ID='daily_scrape_and_load' AIRFLOW_CTX_TASK_ID='dbt_run' AIRFLOW_CTX_EXECUTION_DATE='2026-08-12T17:33:17.813307+00:00' AIRFLOW_CTX_TRY_NUMBER='2' AIRFLOW_CTX_DAG_RUN_ID='manual__2026-08-12T17:33:17.813307+00:00'
[2026-08-12T17:39:06.474+0000] {taskinstance.py:430} INFO - ::endgroup::
[2026-08-12T17:39:06.498+0000] {subprocess.py:63} INFO - Tmp dir root location: /tmp
[2026-08-12T17:39:06.506+0000] {subprocess.py:75} INFO - Running command: ['/usr/bin/bash', '-c', 'dbt run --project-dir /opt/airflow/dbt/***_tunisia --profiles-dir /opt/airflow/dbt_profiles']
[2026-08-12T17:39:06.530+0000] {subprocess.py:86} INFO - Output:
[2026-08-12T17:39:13.592+0000] {subprocess.py:93} INFO - [0m17:39:13  Running with dbt=1.8.8
[2026-08-12T17:39:15.554+0000] {subprocess.py:93} INFO - [0m17:39:15  Registered adapter: postgres=1.8.2
[2026-08-12T17:39:18.299+0000] {subprocess.py:93} INFO - [0m17:39:18  Found 7 models, 4 seeds, 6 data tests, 1 source, 424 macros
[2026-08-12T17:39:18.314+0000] {subprocess.py:93} INFO - [0m17:39:18
[2026-08-12T17:39:18.822+0000] {subprocess.py:93} INFO - [0m17:39:18  Concurrency: 4 threads (target='dev')
[2026-08-12T17:39:18.824+0000] {subprocess.py:93} INFO - [0m17:39:18
[2026-08-12T17:39:18.856+0000] {subprocess.py:93} INFO - [0m17:39:18  1 of 7 START sql table model gold.dim_date ..................................... [RUN]
[2026-08-12T17:39:18.858+0000] {subprocess.py:93} INFO - [0m17:39:18  2 of 7 START sql table model gold.dim_direction ................................ [RUN]
[2026-08-12T17:39:18.861+0000] {subprocess.py:93} INFO - [0m17:39:18  3 of 7 START sql table model gold.dim_product .................................. [RUN]
[2026-08-12T17:39:18.863+0000] {subprocess.py:93} INFO - [0m17:39:18  4 of 7 START sql table model gold.dim_stage .................................... [RUN]
[2026-08-12T17:39:18.945+0000] {subprocess.py:93} INFO - [0m17:39:18  [31mUnhandled error while executing [0m
[2026-08-12T17:39:18.947+0000] {subprocess.py:93} INFO - [Errno 13] Permission denied: '/opt/airflow/dbt/***_tunisia/target/compiled/***_tunisia/models/gold/dim_date.sql'
[2026-08-12T17:39:18.948+0000] {subprocess.py:93} INFO - [0m17:39:18  [31mUnhandled error while executing [0m
[2026-08-12T17:39:18.950+0000] {subprocess.py:93} INFO - [Errno 13] Permission denied: '/opt/airflow/dbt/***_tunisia/target/compiled/***_tunisia/models/gold/dim_direction.sql'
[2026-08-12T17:39:18.951+0000] {subprocess.py:93} INFO - [0m17:39:18  [31mUnhandled error while executing [0m
[2026-08-12T17:39:18.952+0000] {subprocess.py:93} INFO - [Errno 13] Permission denied: '/opt/airflow/dbt/***_tunisia/target/compiled/***_tunisia/models/gold/dim_stage.sql'
[2026-08-12T17:39:18.954+0000] {subprocess.py:93} INFO - [0m17:39:18  [31mUnhandled error while executing [0m
[2026-08-12T17:39:18.955+0000] {subprocess.py:93} INFO - [Errno 13] Permission denied: '/opt/airflow/dbt/***_tunisia/target/compiled/***_tunisia/models/gold/dim_product.sql'
[2026-08-12T17:39:19.001+0000] {subprocess.py:93} INFO - [0m17:39:19  1 of 7 ERROR creating sql table model gold.dim_date ............................ [[31mERROR[0m in 0.12s]
[2026-08-12T17:39:19.004+0000] {subprocess.py:93} INFO - [0m17:39:19  4 of 7 ERROR creating sql table model gold.dim_stage ........................... [[31mERROR[0m in 0.12s]
[2026-08-12T17:39:19.008+0000] {subprocess.py:93} INFO - [0m17:39:19  3 of 7 ERROR creating sql table model gold.dim_product ......................... [[31mERROR[0m in 0.12s]
[2026-08-12T17:39:19.011+0000] {subprocess.py:93} INFO - [0m17:39:19  2 of 7 ERROR creating sql table model gold.dim_direction ....................... [[31mERROR[0m in 0.13s]
[2026-08-12T17:39:19.041+0000] {subprocess.py:93} INFO - [0m17:39:19  5 of 7 START sql table model silver.performance ................................ [RUN]
[2026-08-12T17:39:19.787+0000] {subprocess.py:93} INFO - [0m17:39:19  5 of 7 OK created sql table model silver.performance ........................... [[32mSELECT 28980[0m in 0.74s]
[2026-08-12T17:39:19.801+0000] {subprocess.py:93} INFO - [0m17:39:19  6 of 7 START sql table model gold.dim_lc ....................................... [RUN]
[2026-08-12T17:39:19.842+0000] {subprocess.py:93} INFO - [0m17:39:19  [31mUnhandled error while executing [0m
[2026-08-12T17:39:19.843+0000] {subprocess.py:93} INFO - [Errno 13] Permission denied: '/opt/airflow/dbt/***_tunisia/target/compiled/***_tunisia/models/gold/dim_lc.sql'
[2026-08-12T17:39:19.852+0000] {subprocess.py:93} INFO - [0m17:39:19  6 of 7 ERROR creating sql table model gold.dim_lc .............................. [[31mERROR[0m in 0.04s]
[2026-08-12T17:39:19.861+0000] {subprocess.py:93} INFO - [0m17:39:19  7 of 7 SKIP relation gold.fact_performance ..................................... [[33mSKIP[0m]
[2026-08-12T17:39:19.940+0000] {subprocess.py:93} INFO - [0m17:39:19
[2026-08-12T17:39:19.943+0000] {subprocess.py:93} INFO - [0m17:39:19  Finished running 7 table models in 0 hours 0 minutes and 1.62 seconds (1.62s).
[2026-08-12T17:39:20.112+0000] {subprocess.py:93} INFO - [0m17:39:20
[2026-08-12T17:39:20.118+0000] {subprocess.py:93} INFO - [0m17:39:20  [31mCompleted with 5 errors and 0 warnings:[0m
[2026-08-12T17:39:20.121+0000] {subprocess.py:93} INFO - [0m17:39:20
[2026-08-12T17:39:20.124+0000] {subprocess.py:93} INFO - [0m17:39:20    [Errno 13] Permission denied: '/opt/airflow/dbt/***_tunisia/target/compiled/***_tunisia/models/gold/dim_date.sql'
[2026-08-12T17:39:20.127+0000] {subprocess.py:93} INFO - [0m17:39:20
[2026-08-12T17:39:20.130+0000] {subprocess.py:93} INFO - [0m17:39:20    [Errno 13] Permission denied: '/opt/airflow/dbt/***_tunisia/target/compiled/***_tunisia/models/gold/dim_stage.sql'
[2026-08-12T17:39:20.137+0000] {subprocess.py:93} INFO - [0m17:39:20
[2026-08-12T17:39:20.140+0000] {subprocess.py:93} INFO - [0m17:39:20    [Errno 13] Permission denied: '/opt/airflow/dbt/***_tunisia/target/compiled/***_tunisia/models/gold/dim_product.sql'
[2026-08-12T17:39:20.143+0000] {subprocess.py:93} INFO - [0m17:39:20
[2026-08-12T17:39:20.146+0000] {subprocess.py:93} INFO - [0m17:39:20    [Errno 13] Permission denied: '/opt/airflow/dbt/***_tunisia/target/compiled/***_tunisia/models/gold/dim_direction.sql'
[2026-08-12T17:39:20.152+0000] {subprocess.py:93} INFO - [0m17:39:20
[2026-08-12T17:39:20.156+0000] {subprocess.py:93} INFO - [0m17:39:20    [Errno 13] Permission denied: '/opt/airflow/dbt/***_tunisia/target/compiled/***_tunisia/models/gold/dim_lc.sql'
[2026-08-12T17:39:20.159+0000] {subprocess.py:93} INFO - [0m17:39:20
[2026-08-12T17:39:20.161+0000] {subprocess.py:93} INFO - [0m17:39:20  Done. PASS=1 WARN=0 ERROR=5 SKIP=1 TOTAL=7
[2026-08-12T17:39:21.900+0000] {subprocess.py:97} INFO - Command exited with return code 1
[2026-08-12T17:39:21.931+0000] {taskinstance.py:441} INFO - ::group::Post task execution logs
[2026-08-12T17:39:21.955+0000] {taskinstance.py:2905} ERROR - Task failed with exception
Traceback (most recent call last):
  File "/home/airflow/.local/lib/python3.12/site-packages/airflow/models/taskinstance.py", line 465, in _execute_task
    result = _execute_callable(context=context, **execute_callable_kwargs)
             ^^^^^^^^^^^^^^^^^^^^^^^^^^^^^^^^^^^^^^^^^^^^^^^^^^^^^^^^^^^^^
  File "/home/airflow/.local/lib/python3.12/site-packages/airflow/models/taskinstance.py", line 432, in _execute_callable
    return execute_callable(context=context, **execute_callable_kwargs)
           ^^^^^^^^^^^^^^^^^^^^^^^^^^^^^^^^^^^^^^^^^^^^^^^^^^^^^^^^^^^^
  File "/home/airflow/.local/lib/python3.12/site-packages/airflow/models/baseoperator.py", line 401, in wrapper
    return func(self, *args, **kwargs)
           ^^^^^^^^^^^^^^^^^^^^^^^^^^^
  File "/home/airflow/.local/lib/python3.12/site-packages/airflow/operators/bash.py", line 243, in execute
    raise AirflowException(
airflow.exceptions.AirflowException: Bash command failed. The command returned a non-zero exit code 1.
[2026-08-12T17:39:21.962+0000] {taskinstance.py:1206} INFO - Marking task as UP_FOR_RETRY. dag_id=daily_scrape_and_load, task_id=dbt_run, run_id=manual__2026-08-12T17:33:17.813307+00:00, execution_date=20260812T173317, start_date=20260812T173906, end_date=20260812T173921
[2026-08-12T17:39:22.034+0000] {standard_task_runner.py:110} ERROR - Failed to execute job 20 for task dbt_run (Bash command failed. The command returned a non-zero exit code 1.; 300)
[2026-08-12T17:39:22.060+0000] {local_task_job_runner.py:240} INFO - Task exited with return code 1
[2026-08-12T17:39:22.091+0000] {taskinstance.py:3503} INFO - 0 downstream tasks scheduled from follow-on schedule check
[2026-08-12T17:39:22.096+0000] {local_task_job_runner.py:222} INFO - ::endgroup::
