[2026-08-12T17:44:23.832+0000] {local_task_job_runner.py:120} INFO - ::group::Pre task execution logs
[2026-08-12T17:44:24.076+0000] {taskinstance.py:2076} INFO - Dependencies all met for dep_context=non-requeueable deps ti=<TaskInstance: daily_scrape_and_load.dbt_run manual__2026-08-12T17:33:17.813307+00:00 [queued]>
[2026-08-12T17:44:24.088+0000] {taskinstance.py:2076} INFO - Dependencies all met for dep_context=requeueable deps ti=<TaskInstance: daily_scrape_and_load.dbt_run manual__2026-08-12T17:33:17.813307+00:00 [queued]>
[2026-08-12T17:44:24.089+0000] {taskinstance.py:2306} INFO - Starting attempt 3 of 3
[2026-08-12T17:44:24.106+0000] {taskinstance.py:2330} INFO - Executing <Task(BashOperator): dbt_run> on 2026-08-12 17:33:17.813307+00:00
[2026-08-12T17:44:24.124+0000] {logging_mixin.py:188} WARNING - /home/airflow/.local/lib/python3.12/site-packages/airflow/task/task_runner/standard_task_runner.py:61 DeprecationWarning: This process (pid=375) is multi-threaded, use of fork() may lead to deadlocks in the child.
[2026-08-12T17:44:24.121+0000] {standard_task_runner.py:90} INFO - Running: ['airflow', 'tasks', 'run', 'daily_scrape_and_load', 'dbt_run', 'manual__2026-08-12T17:33:17.813307+00:00', '--job-id', '21', '--raw', '--subdir', 'DAGS_FOLDER/daily_scrape_and_load.py', '--cfg-path', '/tmp/tmp6n6mj7fe']
[2026-08-12T17:44:24.125+0000] {standard_task_runner.py:63} INFO - Started process 377 to run task
[2026-08-12T17:44:24.126+0000] {standard_task_runner.py:91} INFO - Job 21: Subtask dbt_run
[2026-08-12T17:44:24.224+0000] {task_command.py:426} INFO - Running <TaskInstance: daily_scrape_and_load.dbt_run manual__2026-08-12T17:33:17.813307+00:00 [running]> on host 257838aa279f
[2026-08-12T17:44:24.367+0000] {taskinstance.py:2648} INFO - Exporting env vars: AIRFLOW_CTX_DAG_OWNER='***_tunisia' AIRFLOW_CTX_DAG_ID='daily_scrape_and_load' AIRFLOW_CTX_TASK_ID='dbt_run' AIRFLOW_CTX_EXECUTION_DATE='2026-08-12T17:33:17.813307+00:00' AIRFLOW_CTX_TRY_NUMBER='3' AIRFLOW_CTX_DAG_RUN_ID='manual__2026-08-12T17:33:17.813307+00:00'
[2026-08-12T17:44:24.369+0000] {taskinstance.py:430} INFO - ::endgroup::
[2026-08-12T17:44:24.386+0000] {subprocess.py:63} INFO - Tmp dir root location: /tmp
[2026-08-12T17:44:24.388+0000] {subprocess.py:75} INFO - Running command: ['/usr/bin/bash', '-c', 'dbt run --project-dir /opt/airflow/dbt/***_tunisia --profiles-dir /opt/airflow/dbt_profiles']
[2026-08-12T17:44:24.410+0000] {subprocess.py:86} INFO - Output:
[2026-08-12T17:44:27.264+0000] {subprocess.py:93} INFO - [0m17:44:27  Running with dbt=1.8.8
[2026-08-12T17:44:27.610+0000] {subprocess.py:93} INFO - [0m17:44:27  Registered adapter: postgres=1.8.2
[2026-08-12T17:44:28.411+0000] {subprocess.py:93} INFO - [0m17:44:28  Found 7 models, 4 seeds, 6 data tests, 1 source, 424 macros
[2026-08-12T17:44:28.417+0000] {subprocess.py:93} INFO - [0m17:44:28
[2026-08-12T17:44:28.675+0000] {subprocess.py:93} INFO - [0m17:44:28  Concurrency: 4 threads (target='dev')
[2026-08-12T17:44:28.677+0000] {subprocess.py:93} INFO - [0m17:44:28
[2026-08-12T17:44:28.696+0000] {subprocess.py:93} INFO - [0m17:44:28  1 of 7 START sql table model gold.dim_date ..................................... [RUN]
[2026-08-12T17:44:28.698+0000] {subprocess.py:93} INFO - [0m17:44:28  2 of 7 START sql table model gold.dim_direction ................................ [RUN]
[2026-08-12T17:44:28.699+0000] {subprocess.py:93} INFO - [0m17:44:28  3 of 7 START sql table model gold.dim_product .................................. [RUN]
[2026-08-12T17:44:28.701+0000] {subprocess.py:93} INFO - [0m17:44:28  4 of 7 START sql table model gold.dim_stage .................................... [RUN]
[2026-08-12T17:44:28.739+0000] {subprocess.py:93} INFO - [0m17:44:28  [31mUnhandled error while executing [0m
[2026-08-12T17:44:28.740+0000] {subprocess.py:93} INFO - [Errno 13] Permission denied: '/opt/airflow/dbt/***_tunisia/target/compiled/***_tunisia/models/gold/dim_date.sql'
[2026-08-12T17:44:28.743+0000] {subprocess.py:93} INFO - [0m17:44:28  [31mUnhandled error while executing [0m
[2026-08-12T17:44:28.743+0000] {subprocess.py:93} INFO - [Errno 13] Permission denied: '/opt/airflow/dbt/***_tunisia/target/compiled/***_tunisia/models/gold/dim_direction.sql'
[2026-08-12T17:44:28.744+0000] {subprocess.py:93} INFO - [0m17:44:28  [31mUnhandled error while executing [0m
[2026-08-12T17:44:28.745+0000] {subprocess.py:93} INFO - [Errno 13] Permission denied: '/opt/airflow/dbt/***_tunisia/target/compiled/***_tunisia/models/gold/dim_stage.sql'
[2026-08-12T17:44:28.745+0000] {subprocess.py:93} INFO - [0m17:44:28  [31mUnhandled error while executing [0m
[2026-08-12T17:44:28.746+0000] {subprocess.py:93} INFO - [Errno 13] Permission denied: '/opt/airflow/dbt/***_tunisia/target/compiled/***_tunisia/models/gold/dim_product.sql'
[2026-08-12T17:44:28.763+0000] {subprocess.py:93} INFO - [0m17:44:28  1 of 7 ERROR creating sql table model gold.dim_date ............................ [[31mERROR[0m in 0.05s]
[2026-08-12T17:44:28.764+0000] {subprocess.py:93} INFO - [0m17:44:28  4 of 7 ERROR creating sql table model gold.dim_stage ........................... [[31mERROR[0m in 0.05s]
[2026-08-12T17:44:28.766+0000] {subprocess.py:93} INFO - [0m17:44:28  2 of 7 ERROR creating sql table model gold.dim_direction ....................... [[31mERROR[0m in 0.06s]
[2026-08-12T17:44:28.768+0000] {subprocess.py:93} INFO - [0m17:44:28  3 of 7 ERROR creating sql table model gold.dim_product ......................... [[31mERROR[0m in 0.06s]
[2026-08-12T17:44:28.779+0000] {subprocess.py:93} INFO - [0m17:44:28  5 of 7 START sql table model silver.performance ................................ [RUN]
[2026-08-12T17:44:29.211+0000] {subprocess.py:93} INFO - [0m17:44:29  5 of 7 OK created sql table model silver.performance ........................... [[32mSELECT 28980[0m in 0.43s]
[2026-08-12T17:44:29.217+0000] {subprocess.py:93} INFO - [0m17:44:29  6 of 7 START sql table model gold.dim_lc ....................................... [RUN]
[2026-08-12T17:44:29.232+0000] {subprocess.py:93} INFO - [0m17:44:29  [31mUnhandled error while executing [0m
[2026-08-12T17:44:29.232+0000] {subprocess.py:93} INFO - [Errno 13] Permission denied: '/opt/airflow/dbt/***_tunisia/target/compiled/***_tunisia/models/gold/dim_lc.sql'
[2026-08-12T17:44:29.237+0000] {subprocess.py:93} INFO - [0m17:44:29  6 of 7 ERROR creating sql table model gold.dim_lc .............................. [[31mERROR[0m in 0.02s]
[2026-08-12T17:44:29.245+0000] {subprocess.py:93} INFO - [0m17:44:29  7 of 7 SKIP relation gold.fact_performance ..................................... [[33mSKIP[0m]
[2026-08-12T17:44:29.304+0000] {subprocess.py:93} INFO - [0m17:44:29
[2026-08-12T17:44:29.306+0000] {subprocess.py:93} INFO - [0m17:44:29  Finished running 7 table models in 0 hours 0 minutes and 0.89 seconds (0.89s).
[2026-08-12T17:44:29.363+0000] {subprocess.py:93} INFO - [0m17:44:29
[2026-08-12T17:44:29.364+0000] {subprocess.py:93} INFO - [0m17:44:29  [31mCompleted with 5 errors and 0 warnings:[0m
[2026-08-12T17:44:29.366+0000] {subprocess.py:93} INFO - [0m17:44:29
[2026-08-12T17:44:29.368+0000] {subprocess.py:93} INFO - [0m17:44:29    [Errno 13] Permission denied: '/opt/airflow/dbt/***_tunisia/target/compiled/***_tunisia/models/gold/dim_date.sql'
[2026-08-12T17:44:29.369+0000] {subprocess.py:93} INFO - [0m17:44:29
[2026-08-12T17:44:29.371+0000] {subprocess.py:93} INFO - [0m17:44:29    [Errno 13] Permission denied: '/opt/airflow/dbt/***_tunisia/target/compiled/***_tunisia/models/gold/dim_stage.sql'
[2026-08-12T17:44:29.372+0000] {subprocess.py:93} INFO - [0m17:44:29
[2026-08-12T17:44:29.374+0000] {subprocess.py:93} INFO - [0m17:44:29    [Errno 13] Permission denied: '/opt/airflow/dbt/***_tunisia/target/compiled/***_tunisia/models/gold/dim_direction.sql'
[2026-08-12T17:44:29.376+0000] {subprocess.py:93} INFO - [0m17:44:29
[2026-08-12T17:44:29.377+0000] {subprocess.py:93} INFO - [0m17:44:29    [Errno 13] Permission denied: '/opt/airflow/dbt/***_tunisia/target/compiled/***_tunisia/models/gold/dim_product.sql'
[2026-08-12T17:44:29.379+0000] {subprocess.py:93} INFO - [0m17:44:29
[2026-08-12T17:44:29.381+0000] {subprocess.py:93} INFO - [0m17:44:29    [Errno 13] Permission denied: '/opt/airflow/dbt/***_tunisia/target/compiled/***_tunisia/models/gold/dim_lc.sql'
[2026-08-12T17:44:29.382+0000] {subprocess.py:93} INFO - [0m17:44:29
[2026-08-12T17:44:29.383+0000] {subprocess.py:93} INFO - [0m17:44:29  Done. PASS=1 WARN=0 ERROR=5 SKIP=1 TOTAL=7
[2026-08-12T17:44:30.429+0000] {subprocess.py:97} INFO - Command exited with return code 1
[2026-08-12T17:44:30.431+0000] {taskinstance.py:441} INFO - ::group::Post task execution logs
[2026-08-12T17:44:30.448+0000] {taskinstance.py:2905} ERROR - Task failed with exception
Traceback (most recent call last):
  File "/home/airflow/.local/lib/python3.12/site-packages/airflow/models/taskinstance.py", line 465, in _execute_task
    result = _execute_callable(context=context, **execute_callable_kwargs)
             ^^^^^^^^^^^^^^^^^^^^^^^^^^^^^^^^^^^^^^^^^^^^^^^^^^^^^^^^^^^^^
  File "/home/airflow/.local/lib/python3.12/site-packages/airflow/models/taskinstance.py", line 432, in _execute_callable
    return execute_callable(context=context, **execute_callable_kwargs)
           ^^^^^^^^^^^^^^^^^^^^^^^^^^^^^^^^^^^^^^^^^^^^^^^^^^^^^^^^^^^^
  File "/home/airflow/.local/lib/python3.12/site-packages/airflow/models/baseoperator.py", line 401, in wrapper
    return func(self, *args, **kwargs)
           ^^^^^^^^^^^^^^^^^^^^^^^^^^^
  File "/home/airflow/.local/lib/python3.12/site-packages/airflow/operators/bash.py", line 243, in execute
    raise AirflowException(
airflow.exceptions.AirflowException: Bash command failed. The command returned a non-zero exit code 1.
[2026-08-12T17:44:30.454+0000] {taskinstance.py:1206} INFO - Marking task as FAILED. dag_id=daily_scrape_and_load, task_id=dbt_run, run_id=manual__2026-08-12T17:33:17.813307+00:00, execution_date=20260812T173317, start_date=20260812T174424, end_date=20260812T174430
[2026-08-12T17:44:30.469+0000] {standard_task_runner.py:110} ERROR - Failed to execute job 21 for task dbt_run (Bash command failed. The command returned a non-zero exit code 1.; 377)
[2026-08-12T17:44:30.512+0000] {local_task_job_runner.py:240} INFO - Task exited with return code 1
[2026-08-12T17:44:30.537+0000] {taskinstance.py:3503} INFO - 0 downstream tasks scheduled from follow-on schedule check
[2026-08-12T17:44:30.542+0000] {local_task_job_runner.py:222} INFO - ::endgroup::
