[2026-08-12T17:33:49.202+0000] {local_task_job_runner.py:120} INFO - ::group::Pre task execution logs
[2026-08-12T17:33:49.502+0000] {taskinstance.py:2076} INFO - Dependencies all met for dep_context=non-requeueable deps ti=<TaskInstance: daily_scrape_and_load.dbt_run manual__2026-08-12T17:33:17.813307+00:00 [queued]>
[2026-08-12T17:33:49.545+0000] {taskinstance.py:2076} INFO - Dependencies all met for dep_context=requeueable deps ti=<TaskInstance: daily_scrape_and_load.dbt_run manual__2026-08-12T17:33:17.813307+00:00 [queued]>
[2026-08-12T17:33:49.616+0000] {taskinstance.py:2306} INFO - Starting attempt 1 of 3
[2026-08-12T17:33:49.801+0000] {taskinstance.py:2330} INFO - Executing <Task(BashOperator): dbt_run> on 2026-08-12 17:33:17.813307+00:00
[2026-08-12T17:33:49.905+0000] {standard_task_runner.py:90} INFO - Running: ['airflow', 'tasks', 'run', 'daily_scrape_and_load', 'dbt_run', 'manual__2026-08-12T17:33:17.813307+00:00', '--job-id', '19', '--raw', '--subdir', 'DAGS_FOLDER/daily_scrape_and_load.py', '--cfg-path', '/tmp/tmpbc3fa7y8']
[2026-08-12T17:33:49.908+0000] {standard_task_runner.py:91} INFO - Job 19: Subtask dbt_run
[2026-08-12T17:33:49.907+0000] {logging_mixin.py:188} WARNING - /home/airflow/.local/lib/python3.12/site-packages/airflow/task/task_runner/standard_task_runner.py:61 DeprecationWarning: This process (pid=219) is multi-threaded, use of fork() may lead to deadlocks in the child.
[2026-08-12T17:33:49.908+0000] {standard_task_runner.py:63} INFO - Started process 221 to run task
[2026-08-12T17:33:50.578+0000] {task_command.py:426} INFO - Running <TaskInstance: daily_scrape_and_load.dbt_run manual__2026-08-12T17:33:17.813307+00:00 [running]> on host 257838aa279f
[2026-08-12T17:33:51.240+0000] {taskinstance.py:2648} INFO - Exporting env vars: AIRFLOW_CTX_DAG_OWNER='***_tunisia' AIRFLOW_CTX_DAG_ID='daily_scrape_and_load' AIRFLOW_CTX_TASK_ID='dbt_run' AIRFLOW_CTX_EXECUTION_DATE='2026-08-12T17:33:17.813307+00:00' AIRFLOW_CTX_TRY_NUMBER='1' AIRFLOW_CTX_DAG_RUN_ID='manual__2026-08-12T17:33:17.813307+00:00'
[2026-08-12T17:33:51.242+0000] {taskinstance.py:430} INFO - ::endgroup::
[2026-08-12T17:33:51.256+0000] {subprocess.py:63} INFO - Tmp dir root location: /tmp
[2026-08-12T17:33:51.289+0000] {subprocess.py:75} INFO - Running command: ['/usr/bin/bash', '-c', 'dbt run --project-dir /opt/airflow/dbt/***_tunisia --profiles-dir /opt/airflow/dbt_profiles']
[2026-08-12T17:33:51.421+0000] {subprocess.py:86} INFO - Output:
[2026-08-12T17:33:55.615+0000] {subprocess.py:93} INFO - [0m17:33:55  Running with dbt=1.8.8
[2026-08-12T17:33:56.469+0000] {subprocess.py:93} INFO - [0m17:33:56  Registered adapter: postgres=1.8.2
[2026-08-12T17:33:57.316+0000] {subprocess.py:93} INFO - [0m17:33:57  Unable to do partial parsing because of a version mismatch
[2026-08-12T17:34:01.686+0000] {subprocess.py:93} INFO - [0m17:34:01  Found 7 models, 4 seeds, 6 data tests, 1 source, 424 macros
[2026-08-12T17:34:01.695+0000] {subprocess.py:93} INFO - [0m17:34:01
[2026-08-12T17:34:02.079+0000] {subprocess.py:93} INFO - [0m17:34:02  Concurrency: 4 threads (target='dev')
[2026-08-12T17:34:02.083+0000] {subprocess.py:93} INFO - [0m17:34:02
[2026-08-12T17:34:02.116+0000] {subprocess.py:93} INFO - [0m17:34:02  1 of 7 START sql table model gold.dim_date ..................................... [RUN]
[2026-08-12T17:34:02.118+0000] {subprocess.py:93} INFO - [0m17:34:02  2 of 7 START sql table model gold.dim_direction ................................ [RUN]
[2026-08-12T17:34:02.121+0000] {subprocess.py:93} INFO - [0m17:34:02  3 of 7 START sql table model gold.dim_product .................................. [RUN]
[2026-08-12T17:34:02.123+0000] {subprocess.py:93} INFO - [0m17:34:02  4 of 7 START sql table model gold.dim_stage .................................... [RUN]
[2026-08-12T17:34:02.171+0000] {subprocess.py:93} INFO - [0m17:34:02  [31mUnhandled error while executing [0m
[2026-08-12T17:34:02.172+0000] {subprocess.py:93} INFO - [Errno 13] Permission denied: '/opt/airflow/dbt/***_tunisia/target/compiled/***_tunisia/models/gold/dim_product.sql'
[2026-08-12T17:34:02.173+0000] {subprocess.py:93} INFO - [0m17:34:02  [31mUnhandled error while executing [0m
[2026-08-12T17:34:02.173+0000] {subprocess.py:93} INFO - [Errno 13] Permission denied: '/opt/airflow/dbt/***_tunisia/target/compiled/***_tunisia/models/gold/dim_date.sql'
[2026-08-12T17:34:02.175+0000] {subprocess.py:93} INFO - [0m17:34:02  [31mUnhandled error while executing [0m
[2026-08-12T17:34:02.175+0000] {subprocess.py:93} INFO - [Errno 13] Permission denied: '/opt/airflow/dbt/***_tunisia/target/compiled/***_tunisia/models/gold/dim_direction.sql'
[2026-08-12T17:34:02.176+0000] {subprocess.py:93} INFO - [0m17:34:02  [31mUnhandled error while executing [0m
[2026-08-12T17:34:02.176+0000] {subprocess.py:93} INFO - [Errno 13] Permission denied: '/opt/airflow/dbt/***_tunisia/target/compiled/***_tunisia/models/gold/dim_stage.sql'
[2026-08-12T17:34:02.196+0000] {subprocess.py:93} INFO - [0m17:34:02  3 of 7 ERROR creating sql table model gold.dim_product ......................... [[31mERROR[0m in 0.06s]
[2026-08-12T17:34:02.198+0000] {subprocess.py:93} INFO - [0m17:34:02  1 of 7 ERROR creating sql table model gold.dim_date ............................ [[31mERROR[0m in 0.07s]
[2026-08-12T17:34:02.200+0000] {subprocess.py:93} INFO - [0m17:34:02  2 of 7 ERROR creating sql table model gold.dim_direction ....................... [[31mERROR[0m in 0.07s]
[2026-08-12T17:34:02.201+0000] {subprocess.py:93} INFO - [0m17:34:02  4 of 7 ERROR creating sql table model gold.dim_stage ........................... [[31mERROR[0m in 0.06s]
[2026-08-12T17:34:02.212+0000] {subprocess.py:93} INFO - [0m17:34:02  5 of 7 START sql table model silver.performance ................................ [RUN]
[2026-08-12T17:34:02.764+0000] {subprocess.py:93} INFO - [0m17:34:02  5 of 7 OK created sql table model silver.performance ........................... [[32mSELECT 28980[0m in 0.55s]
[2026-08-12T17:34:02.770+0000] {subprocess.py:93} INFO - [0m17:34:02  6 of 7 START sql table model gold.dim_lc ....................................... [RUN]
[2026-08-12T17:34:02.786+0000] {subprocess.py:93} INFO - [0m17:34:02  [31mUnhandled error while executing [0m
[2026-08-12T17:34:02.787+0000] {subprocess.py:93} INFO - [Errno 13] Permission denied: '/opt/airflow/dbt/***_tunisia/target/compiled/***_tunisia/models/gold/dim_lc.sql'
[2026-08-12T17:34:02.792+0000] {subprocess.py:93} INFO - [0m17:34:02  6 of 7 ERROR creating sql table model gold.dim_lc .............................. [[31mERROR[0m in 0.02s]
[2026-08-12T17:34:02.800+0000] {subprocess.py:93} INFO - [0m17:34:02  7 of 7 SKIP relation gold.fact_performance ..................................... [[33mSKIP[0m]
[2026-08-12T17:34:02.847+0000] {subprocess.py:93} INFO - [0m17:34:02
[2026-08-12T17:34:02.849+0000] {subprocess.py:93} INFO - [0m17:34:02  Finished running 7 table models in 0 hours 0 minutes and 1.15 seconds (1.15s).
[2026-08-12T17:34:02.949+0000] {subprocess.py:93} INFO - [0m17:34:02
[2026-08-12T17:34:02.951+0000] {subprocess.py:93} INFO - [0m17:34:02  [31mCompleted with 5 errors and 0 warnings:[0m
[2026-08-12T17:34:02.952+0000] {subprocess.py:93} INFO - [0m17:34:02
[2026-08-12T17:34:02.954+0000] {subprocess.py:93} INFO - [0m17:34:02    [Errno 13] Permission denied: '/opt/airflow/dbt/***_tunisia/target/compiled/***_tunisia/models/gold/dim_product.sql'
[2026-08-12T17:34:02.956+0000] {subprocess.py:93} INFO - [0m17:34:02
[2026-08-12T17:34:02.958+0000] {subprocess.py:93} INFO - [0m17:34:02    [Errno 13] Permission denied: '/opt/airflow/dbt/***_tunisia/target/compiled/***_tunisia/models/gold/dim_date.sql'
[2026-08-12T17:34:02.959+0000] {subprocess.py:93} INFO - [0m17:34:02
[2026-08-12T17:34:02.961+0000] {subprocess.py:93} INFO - [0m17:34:02    [Errno 13] Permission denied: '/opt/airflow/dbt/***_tunisia/target/compiled/***_tunisia/models/gold/dim_direction.sql'
[2026-08-12T17:34:02.964+0000] {subprocess.py:93} INFO - [0m17:34:02
[2026-08-12T17:34:02.966+0000] {subprocess.py:93} INFO - [0m17:34:02    [Errno 13] Permission denied: '/opt/airflow/dbt/***_tunisia/target/compiled/***_tunisia/models/gold/dim_stage.sql'
[2026-08-12T17:34:02.968+0000] {subprocess.py:93} INFO - [0m17:34:02
[2026-08-12T17:34:02.970+0000] {subprocess.py:93} INFO - [0m17:34:02    [Errno 13] Permission denied: '/opt/airflow/dbt/***_tunisia/target/compiled/***_tunisia/models/gold/dim_lc.sql'
[2026-08-12T17:34:02.972+0000] {subprocess.py:93} INFO - [0m17:34:02
[2026-08-12T17:34:02.973+0000] {subprocess.py:93} INFO - [0m17:34:02  Done. PASS=1 WARN=0 ERROR=5 SKIP=1 TOTAL=7
[2026-08-12T17:34:04.191+0000] {subprocess.py:97} INFO - Command exited with return code 1
[2026-08-12T17:34:04.193+0000] {taskinstance.py:441} INFO - ::group::Post task execution logs
[2026-08-12T17:34:04.215+0000] {taskinstance.py:2905} ERROR - Task failed with exception
Traceback (most recent call last):
  File "/home/airflow/.local/lib/python3.12/site-packages/airflow/models/taskinstance.py", line 465, in _execute_task
    result = _execute_callable(context=context, **execute_callable_kwargs)
             ^^^^^^^^^^^^^^^^^^^^^^^^^^^^^^^^^^^^^^^^^^^^^^^^^^^^^^^^^^^^^
  File "/home/airflow/.local/lib/python3.12/site-packages/airflow/models/taskinstance.py", line 432, in _execute_callable
    return execute_callable(context=context, **execute_callable_kwargs)
           ^^^^^^^^^^^^^^^^^^^^^^^^^^^^^^^^^^^^^^^^^^^^^^^^^^^^^^^^^^^^
  File "/home/airflow/.local/lib/python3.12/site-packages/airflow/models/baseoperator.py", line 401, in wrapper
    return func(self, *args, **kwargs)
           ^^^^^^^^^^^^^^^^^^^^^^^^^^^
  File "/home/airflow/.local/lib/python3.12/site-packages/airflow/operators/bash.py", line 243, in execute
    raise AirflowException(
airflow.exceptions.AirflowException: Bash command failed. The command returned a non-zero exit code 1.
[2026-08-12T17:34:04.226+0000] {taskinstance.py:1206} INFO - Marking task as UP_FOR_RETRY. dag_id=daily_scrape_and_load, task_id=dbt_run, run_id=manual__2026-08-12T17:33:17.813307+00:00, execution_date=20260812T173317, start_date=20260812T173349, end_date=20260812T173404
[2026-08-12T17:34:04.251+0000] {standard_task_runner.py:110} ERROR - Failed to execute job 19 for task dbt_run (Bash command failed. The command returned a non-zero exit code 1.; 221)
[2026-08-12T17:34:04.276+0000] {local_task_job_runner.py:240} INFO - Task exited with return code 1
[2026-08-12T17:34:04.304+0000] {taskinstance.py:3503} INFO - 0 downstream tasks scheduled from follow-on schedule check
[2026-08-12T17:34:04.308+0000] {local_task_job_runner.py:222} INFO - ::endgroup::
