[2026-08-12T16:59:04.820+0000] {local_task_job_runner.py:120} INFO - ::group::Pre task execution logs
[2026-08-12T16:59:05.035+0000] {taskinstance.py:2076} INFO - Dependencies all met for dep_context=non-requeueable deps ti=<TaskInstance: daily_scrape_and_load.dbt_run manual__2026-08-12T16:53:36.047299+00:00 [queued]>
[2026-08-12T16:59:05.047+0000] {taskinstance.py:2076} INFO - Dependencies all met for dep_context=requeueable deps ti=<TaskInstance: daily_scrape_and_load.dbt_run manual__2026-08-12T16:53:36.047299+00:00 [queued]>
[2026-08-12T16:59:05.048+0000] {taskinstance.py:2306} INFO - Starting attempt 2 of 3
[2026-08-12T16:59:05.070+0000] {taskinstance.py:2330} INFO - Executing <Task(BashOperator): dbt_run> on 2026-08-12 16:53:36.047299+00:00
[2026-08-12T16:59:05.085+0000] {standard_task_runner.py:90} INFO - Running: ['airflow', 'tasks', 'run', 'daily_scrape_and_load', 'dbt_run', 'manual__2026-08-12T16:53:36.047299+00:00', '--job-id', '12', '--raw', '--subdir', 'DAGS_FOLDER/daily_scrape_and_load.py', '--cfg-path', '/tmp/tmpj5wcmndr']
[2026-08-12T16:59:05.090+0000] {logging_mixin.py:188} WARNING - /home/airflow/.local/lib/python3.12/site-packages/airflow/task/task_runner/standard_task_runner.py:61 DeprecationWarning: This process (pid=502) is multi-threaded, use of fork() may lead to deadlocks in the child.
[2026-08-12T16:59:05.091+0000] {standard_task_runner.py:91} INFO - Job 12: Subtask dbt_run
[2026-08-12T16:59:05.092+0000] {standard_task_runner.py:63} INFO - Started process 505 to run task
[2026-08-12T16:59:05.222+0000] {task_command.py:426} INFO - Running <TaskInstance: daily_scrape_and_load.dbt_run manual__2026-08-12T16:53:36.047299+00:00 [running]> on host d15eeec9050e
[2026-08-12T16:59:05.347+0000] {taskinstance.py:2648} INFO - Exporting env vars: AIRFLOW_CTX_DAG_OWNER='***_tunisia' AIRFLOW_CTX_DAG_ID='daily_scrape_and_load' AIRFLOW_CTX_TASK_ID='dbt_run' AIRFLOW_CTX_EXECUTION_DATE='2026-08-12T16:53:36.047299+00:00' AIRFLOW_CTX_TRY_NUMBER='2' AIRFLOW_CTX_DAG_RUN_ID='manual__2026-08-12T16:53:36.047299+00:00'
[2026-08-12T16:59:05.348+0000] {taskinstance.py:430} INFO - ::endgroup::
[2026-08-12T16:59:05.363+0000] {subprocess.py:63} INFO - Tmp dir root location: /tmp
[2026-08-12T16:59:05.365+0000] {subprocess.py:75} INFO - Running command: ['/usr/bin/bash', '-c', 'dbt run --project-dir /opt/airflow/dbt/***_tunisia --profiles-dir /opt/airflow/dbt_profiles']
[2026-08-12T16:59:05.378+0000] {subprocess.py:86} INFO - Output:
[2026-08-12T16:59:05.412+0000] {subprocess.py:93} INFO -   dbt-core 2.0.0-alpha.4
[2026-08-12T16:59:05.417+0000] {subprocess.py:93} INFO -    Loading ../../dbt_profiles/profiles.yml
[2026-08-12T16:59:05.653+0000] {subprocess.py:93} INFO - 
[2026-08-12T16:59:05.654+0000] {subprocess.py:93} INFO - =================== Errors and Warnings ====================
[2026-08-12T16:59:05.655+0000] {subprocess.py:93} INFO - [error] [InvalidConfig (dbt1005)]: Configuration Error: The 'postgres' adapter is not yet supported by dbt Fusion. Supported adapters: snowflake, bigquery, databricks, redshift, duckdb, salesforce. To use an experimental adapter, set the environment variable DBT_ALLOW_EXPERIMENTAL_ADAPTERS=true. Note that experimental adapters may be unstable and are not yet recommended for production use.
[2026-08-12T16:59:05.655+0000] {subprocess.py:93} INFO - 
[2026-08-12T16:59:05.656+0000] {subprocess.py:93} INFO - ==================== Execution Summary =====================
[2026-08-12T16:59:05.657+0000] {subprocess.py:93} INFO - Finished 'run' with 1 error [241ms]
[2026-08-12T16:59:05.659+0000] {subprocess.py:97} INFO - Command exited with return code 1
[2026-08-12T16:59:05.661+0000] {taskinstance.py:441} INFO - ::group::Post task execution logs
[2026-08-12T16:59:05.677+0000] {taskinstance.py:2905} ERROR - Task failed with exception
Traceback (most recent call last):
  File "/home/airflow/.local/lib/python3.12/site-packages/airflow/models/taskinstance.py", line 465, in _execute_task
    result = _execute_callable(context=context, **execute_callable_kwargs)
             ^^^^^^^^^^^^^^^^^^^^^^^^^^^^^^^^^^^^^^^^^^^^^^^^^^^^^^^^^^^^^
  File "/home/airflow/.local/lib/python3.12/site-packages/airflow/models/taskinstance.py", line 432, in _execute_callable
    return execute_callable(context=context, **execute_callable_kwargs)
           ^^^^^^^^^^^^^^^^^^^^^^^^^^^^^^^^^^^^^^^^^^^^^^^^^^^^^^^^^^^^
  File "/home/airflow/.local/lib/python3.12/site-packages/airflow/models/baseoperator.py", line 401, in wrapper
    return func(self, *args, **kwargs)
           ^^^^^^^^^^^^^^^^^^^^^^^^^^^
  File "/home/airflow/.local/lib/python3.12/site-packages/airflow/operators/bash.py", line 243, in execute
    raise AirflowException(
airflow.exceptions.AirflowException: Bash command failed. The command returned a non-zero exit code 1.
[2026-08-12T16:59:05.682+0000] {taskinstance.py:1206} INFO - Marking task as UP_FOR_RETRY. dag_id=daily_scrape_and_load, task_id=dbt_run, run_id=manual__2026-08-12T16:53:36.047299+00:00, execution_date=20260812T165336, start_date=20260812T165905, end_date=20260812T165905
[2026-08-12T16:59:05.698+0000] {standard_task_runner.py:110} ERROR - Failed to execute job 12 for task dbt_run (Bash command failed. The command returned a non-zero exit code 1.; 505)
[2026-08-12T16:59:05.710+0000] {local_task_job_runner.py:240} INFO - Task exited with return code 1
[2026-08-12T16:59:05.733+0000] {taskinstance.py:3503} INFO - 0 downstream tasks scheduled from follow-on schedule check
[2026-08-12T16:59:05.737+0000] {local_task_job_runner.py:222} INFO - ::endgroup::
