[2026-08-15T00:41:26.396+0000] {local_task_job_runner.py:120} INFO - ::group::Pre task execution logs
[2026-08-15T00:41:26.496+0000] {taskinstance.py:2076} INFO - Dependencies all met for dep_context=non-requeueable deps ti=<TaskInstance: daily_scrape_and_load.scrape_current_month scheduled__2026-08-14T00:00:00+00:00 [queued]>
[2026-08-15T00:41:26.509+0000] {taskinstance.py:2076} INFO - Dependencies all met for dep_context=requeueable deps ti=<TaskInstance: daily_scrape_and_load.scrape_current_month scheduled__2026-08-14T00:00:00+00:00 [queued]>
[2026-08-15T00:41:26.511+0000] {taskinstance.py:2306} INFO - Starting attempt 1 of 3
[2026-08-15T00:41:26.534+0000] {taskinstance.py:2330} INFO - Executing <Task(PythonOperator): scrape_current_month> on 2026-08-14 00:00:00+00:00
[2026-08-15T00:41:26.570+0000] {standard_task_runner.py:90} INFO - Running: ['airflow', 'tasks', 'run', 'daily_scrape_and_load', 'scrape_current_month', 'scheduled__2026-08-14T00:00:00+00:00', '--job-id', '29', '--raw', '--subdir', 'DAGS_FOLDER/daily_scrape_and_load.py', '--cfg-path', '/tmp/tmps0_p_t3e']
[2026-08-15T00:41:26.576+0000] {logging_mixin.py:188} WARNING - /home/airflow/.local/lib/python3.12/site-packages/airflow/task/task_runner/standard_task_runner.py:61 DeprecationWarning: This process (pid=1101) is multi-threaded, use of fork() may lead to deadlocks in the child.
[2026-08-15T00:41:26.577+0000] {standard_task_runner.py:91} INFO - Job 29: Subtask scrape_current_month
[2026-08-15T00:41:26.577+0000] {standard_task_runner.py:63} INFO - Started process 1105 to run task
[2026-08-15T00:41:26.751+0000] {task_command.py:426} INFO - Running <TaskInstance: daily_scrape_and_load.scrape_current_month scheduled__2026-08-14T00:00:00+00:00 [running]> on host 257838aa279f
[2026-08-15T00:41:26.966+0000] {taskinstance.py:2648} INFO - Exporting env vars: AIRFLOW_CTX_DAG_OWNER='***_tunisia' AIRFLOW_CTX_DAG_ID='daily_scrape_and_load' AIRFLOW_CTX_TASK_ID='scrape_current_month' AIRFLOW_CTX_EXECUTION_DATE='2026-08-14T00:00:00+00:00' AIRFLOW_CTX_TRY_NUMBER='1' AIRFLOW_CTX_DAG_RUN_ID='scheduled__2026-08-14T00:00:00+00:00'
[2026-08-15T00:41:26.970+0000] {taskinstance.py:430} INFO - ::endgroup::
[2026-08-15T00:41:27.004+0000] {logging_mixin.py:188} INFO - Scraping current month so far: 08/01/2026 to 08/15/2026
[2026-08-15T00:41:27.028+0000] {logging_mixin.py:188} INFO -   attempt 1: request failed (ConnectionError: HTTPSConnectionPool(host='core.***.org.eg', port=443): Max retries exceeded with url: /analytics/1559/LC19/ (Caused by NameResolutionError("HTTPSConnection(host='core.***.org.eg', port=443): Failed to resolve 'core.***.org.eg' ([Errno -2] Name or service not known)"))), retrying...
[2026-08-15T00:41:27.036+0000] {logging_mixin.py:188} INFO -   attempt 2: request failed (ConnectionError: HTTPSConnectionPool(host='core.***.org.eg', port=443): Max retries exceeded with url: /analytics/1559/LC19/ (Caused by NameResolutionError("HTTPSConnection(host='core.***.org.eg', port=443): Failed to resolve 'core.***.org.eg' ([Errno -2] Name or service not known)"))), retrying...
[2026-08-15T00:41:27.043+0000] {logging_mixin.py:188} INFO -   attempt 3: request failed (ConnectionError: HTTPSConnectionPool(host='core.***.org.eg', port=443): Max retries exceeded with url: /analytics/1559/LC19/ (Caused by NameResolutionError("HTTPSConnection(host='core.***.org.eg', port=443): Failed to resolve 'core.***.org.eg' ([Errno -2] Name or service not known)"))), retrying...
[2026-08-15T00:41:27.044+0000] {taskinstance.py:441} INFO - ::group::Post task execution logs
[2026-08-15T00:41:27.045+0000] {taskinstance.py:2905} ERROR - Task failed with exception
Traceback (most recent call last):
  File "/home/airflow/.local/lib/python3.12/site-packages/airflow/models/taskinstance.py", line 465, in _execute_task
    result = _execute_callable(context=context, **execute_callable_kwargs)
             ^^^^^^^^^^^^^^^^^^^^^^^^^^^^^^^^^^^^^^^^^^^^^^^^^^^^^^^^^^^^^
  File "/home/airflow/.local/lib/python3.12/site-packages/airflow/models/taskinstance.py", line 432, in _execute_callable
    return execute_callable(context=context, **execute_callable_kwargs)
           ^^^^^^^^^^^^^^^^^^^^^^^^^^^^^^^^^^^^^^^^^^^^^^^^^^^^^^^^^^^^
  File "/home/airflow/.local/lib/python3.12/site-packages/airflow/models/baseoperator.py", line 401, in wrapper
    return func(self, *args, **kwargs)
           ^^^^^^^^^^^^^^^^^^^^^^^^^^^
  File "/home/airflow/.local/lib/python3.12/site-packages/airflow/operators/python.py", line 235, in execute
    return_value = self.execute_callable()
                   ^^^^^^^^^^^^^^^^^^^^^^^
  File "/home/airflow/.local/lib/python3.12/site-packages/airflow/operators/python.py", line 252, in execute_callable
    return self.python_callable(*self.op_args, **self.op_kwargs)
           ^^^^^^^^^^^^^^^^^^^^^^^^^^^^^^^^^^^^^^^^^^^^^^^^^^^^^
  File "/opt/airflow/dags/daily_scrape_and_load.py", line 31, in run_scrape
    output_path = scrape_current_month_main()
                  ^^^^^^^^^^^^^^^^^^^^^^^^^^^
  File "/opt/airflow/scripts/scraper/scrape_current_month.py", line 100, in main
    df = scrape_range(session, start_date, end_date)
         ^^^^^^^^^^^^^^^^^^^^^^^^^^^^^^^^^^^^^^^^^^^
  File "/opt/airflow/scripts/scraper/scrape_current_month.py", line 61, in scrape_range
    raise Exception(f"No table found for {start_date} - {end_date} after {retries + 1} attempts")
Exception: No table found for 08/01/2026 - 08/15/2026 after 3 attempts
[2026-08-15T00:41:27.094+0000] {taskinstance.py:1206} INFO - Marking task as UP_FOR_RETRY. dag_id=daily_scrape_and_load, task_id=scrape_current_month, run_id=scheduled__2026-08-14T00:00:00+00:00, execution_date=20260814T000000, start_date=20260815T004126, end_date=20260815T004127
[2026-08-15T00:41:27.123+0000] {standard_task_runner.py:110} ERROR - Failed to execute job 29 for task scrape_current_month (No table found for 08/01/2026 - 08/15/2026 after 3 attempts; 1105)
[2026-08-15T00:41:27.160+0000] {local_task_job_runner.py:240} INFO - Task exited with return code 1
[2026-08-15T00:41:27.207+0000] {taskinstance.py:3503} INFO - 0 downstream tasks scheduled from follow-on schedule check
[2026-08-15T00:41:27.210+0000] {local_task_job_runner.py:222} INFO - ::endgroup::
