[2026-08-12T16:53:38.884+0000] {local_task_job_runner.py:120} INFO - ::group::Pre task execution logs
[2026-08-12T16:53:39.250+0000] {taskinstance.py:2076} INFO - Dependencies all met for dep_context=non-requeueable deps ti=<TaskInstance: daily_scrape_and_load.scrape_current_month manual__2026-08-12T16:53:36.047299+00:00 [queued]>
[2026-08-12T16:53:39.265+0000] {taskinstance.py:2076} INFO - Dependencies all met for dep_context=requeueable deps ti=<TaskInstance: daily_scrape_and_load.scrape_current_month manual__2026-08-12T16:53:36.047299+00:00 [queued]>
[2026-08-12T16:53:39.267+0000] {taskinstance.py:2306} INFO - Starting attempt 1 of 3
[2026-08-12T16:53:39.291+0000] {taskinstance.py:2330} INFO - Executing <Task(PythonOperator): scrape_current_month> on 2026-08-12 16:53:36.047299+00:00
[2026-08-12T16:53:39.310+0000] {standard_task_runner.py:90} INFO - Running: ['airflow', 'tasks', 'run', 'daily_scrape_and_load', 'scrape_current_month', 'manual__2026-08-12T16:53:36.047299+00:00', '--job-id', '6', '--raw', '--subdir', 'DAGS_FOLDER/daily_scrape_and_load.py', '--cfg-path', '/tmp/tmp5hiwmrvg']
[2026-08-12T16:53:39.317+0000] {standard_task_runner.py:91} INFO - Job 6: Subtask scrape_current_month
[2026-08-12T16:53:39.319+0000] {logging_mixin.py:188} WARNING - /home/airflow/.local/lib/python3.12/site-packages/airflow/task/task_runner/standard_task_runner.py:61 DeprecationWarning: This process (pid=393) is multi-threaded, use of fork() may lead to deadlocks in the child.
[2026-08-12T16:53:39.321+0000] {standard_task_runner.py:63} INFO - Started process 397 to run task
[2026-08-12T16:53:39.425+0000] {task_command.py:426} INFO - Running <TaskInstance: daily_scrape_and_load.scrape_current_month manual__2026-08-12T16:53:36.047299+00:00 [running]> on host d15eeec9050e
[2026-08-12T16:53:39.573+0000] {taskinstance.py:2648} INFO - Exporting env vars: AIRFLOW_CTX_DAG_OWNER='***_tunisia' AIRFLOW_CTX_DAG_ID='daily_scrape_and_load' AIRFLOW_CTX_TASK_ID='scrape_current_month' AIRFLOW_CTX_EXECUTION_DATE='2026-08-12T16:53:36.047299+00:00' AIRFLOW_CTX_TRY_NUMBER='1' AIRFLOW_CTX_DAG_RUN_ID='manual__2026-08-12T16:53:36.047299+00:00'
[2026-08-12T16:53:39.575+0000] {taskinstance.py:430} INFO - ::endgroup::
[2026-08-12T16:53:39.621+0000] {logging_mixin.py:188} INFO - Scraping current month so far: 08/01/2026 to 08/12/2026
[2026-08-12T16:53:58.976+0000] {logging_mixin.py:188} INFO - ✔ Saved data/raw/core_2026_08_current.csv (14 rows)
[2026-08-12T16:53:58.979+0000] {python.py:237} INFO - Done. Returned value was: data/raw/core_2026_08_current.csv
[2026-08-12T16:53:58.980+0000] {taskinstance.py:441} INFO - ::group::Post task execution logs
[2026-08-12T16:53:59.021+0000] {taskinstance.py:1206} INFO - Marking task as SUCCESS. dag_id=daily_scrape_and_load, task_id=scrape_current_month, run_id=manual__2026-08-12T16:53:36.047299+00:00, execution_date=20260812T165336, start_date=20260812T165339, end_date=20260812T165359
[2026-08-12T16:53:59.081+0000] {local_task_job_runner.py:240} INFO - Task exited with return code 0
[2026-08-12T16:53:59.128+0000] {taskinstance.py:3503} INFO - 1 downstream tasks scheduled from follow-on schedule check
[2026-08-12T16:53:59.134+0000] {local_task_job_runner.py:222} INFO - ::endgroup::
