[2026-08-12T18:09:35.735+0000] {local_task_job_runner.py:120} INFO - ::group::Pre task execution logs
[2026-08-12T18:09:36.040+0000] {taskinstance.py:2076} INFO - Dependencies all met for dep_context=non-requeueable deps ti=<TaskInstance: daily_scrape_and_load.dbt_run manual__2026-08-12T18:09:07.258540+00:00 [queued]>
[2026-08-12T18:09:36.068+0000] {taskinstance.py:2076} INFO - Dependencies all met for dep_context=requeueable deps ti=<TaskInstance: daily_scrape_and_load.dbt_run manual__2026-08-12T18:09:07.258540+00:00 [queued]>
[2026-08-12T18:09:36.070+0000] {taskinstance.py:2306} INFO - Starting attempt 1 of 3
[2026-08-12T18:09:36.115+0000] {taskinstance.py:2330} INFO - Executing <Task(BashOperator): dbt_run> on 2026-08-12 18:09:07.258540+00:00
[2026-08-12T18:09:36.144+0000] {standard_task_runner.py:90} INFO - Running: ['airflow', 'tasks', 'run', 'daily_scrape_and_load', 'dbt_run', 'manual__2026-08-12T18:09:07.258540+00:00', '--job-id', '24', '--raw', '--subdir', 'DAGS_FOLDER/daily_scrape_and_load.py', '--cfg-path', '/tmp/tmpbemwe1bd']
[2026-08-12T18:09:36.151+0000] {standard_task_runner.py:91} INFO - Job 24: Subtask dbt_run
[2026-08-12T18:09:36.152+0000] {logging_mixin.py:188} WARNING - /home/airflow/.local/lib/python3.12/site-packages/airflow/task/task_runner/standard_task_runner.py:61 DeprecationWarning: This process (pid=693) is multi-threaded, use of fork() may lead to deadlocks in the child.
[2026-08-12T18:09:36.153+0000] {standard_task_runner.py:63} INFO - Started process 695 to run task
[2026-08-12T18:09:36.339+0000] {task_command.py:426} INFO - Running <TaskInstance: daily_scrape_and_load.dbt_run manual__2026-08-12T18:09:07.258540+00:00 [running]> on host 257838aa279f
[2026-08-12T18:09:36.642+0000] {taskinstance.py:2648} INFO - Exporting env vars: AIRFLOW_CTX_DAG_OWNER='***_tunisia' AIRFLOW_CTX_DAG_ID='daily_scrape_and_load' AIRFLOW_CTX_TASK_ID='dbt_run' AIRFLOW_CTX_EXECUTION_DATE='2026-08-12T18:09:07.258540+00:00' AIRFLOW_CTX_TRY_NUMBER='1' AIRFLOW_CTX_DAG_RUN_ID='manual__2026-08-12T18:09:07.258540+00:00'
[2026-08-12T18:09:36.645+0000] {taskinstance.py:430} INFO - ::endgroup::
[2026-08-12T18:09:36.675+0000] {subprocess.py:63} INFO - Tmp dir root location: /tmp
[2026-08-12T18:09:36.700+0000] {subprocess.py:75} INFO - Running command: ['/usr/bin/bash', '-c', 'dbt run --project-dir /opt/airflow/dbt/***_tunisia --profiles-dir /opt/airflow/dbt_profiles']
[2026-08-12T18:09:36.738+0000] {subprocess.py:86} INFO - Output:
[2026-08-12T18:09:55.181+0000] {subprocess.py:93} INFO - [0m18:09:55  Running with dbt=1.8.8
[2026-08-12T18:09:56.990+0000] {subprocess.py:93} INFO - [0m18:09:56  Registered adapter: postgres=1.8.2
[2026-08-12T18:09:57.102+0000] {subprocess.py:93} INFO - [0m18:09:57  Unable to do partial parsing because saved manifest not found. Starting full parse.
[2026-08-12T18:10:08.475+0000] {subprocess.py:93} INFO - [0m18:10:08  Found 7 models, 4 seeds, 6 data tests, 1 source, 424 macros
[2026-08-12T18:10:08.498+0000] {subprocess.py:93} INFO - [0m18:10:08
[2026-08-12T18:10:09.864+0000] {subprocess.py:93} INFO - [0m18:10:09  Concurrency: 4 threads (target='dev')
[2026-08-12T18:10:09.867+0000] {subprocess.py:93} INFO - [0m18:10:09
[2026-08-12T18:10:09.979+0000] {subprocess.py:93} INFO - [0m18:10:09  1 of 7 START sql table model gold.dim_date ..................................... [RUN]
[2026-08-12T18:10:09.986+0000] {subprocess.py:93} INFO - [0m18:10:09  2 of 7 START sql table model gold.dim_direction ................................ [RUN]
[2026-08-12T18:10:09.992+0000] {subprocess.py:93} INFO - [0m18:10:09  3 of 7 START sql table model gold.dim_product .................................. [RUN]
[2026-08-12T18:10:10.003+0000] {subprocess.py:93} INFO - [0m18:10:10  4 of 7 START sql table model gold.dim_stage .................................... [RUN]
[2026-08-12T18:10:11.749+0000] {subprocess.py:93} INFO - [0m18:10:11  2 of 7 OK created sql table model gold.dim_direction ........................... [[32mSELECT 3[0m in 1.68s]
[2026-08-12T18:10:11.752+0000] {subprocess.py:93} INFO - [0m18:10:11  3 of 7 OK created sql table model gold.dim_product ............................. [[32mSELECT 4[0m in 1.67s]
[2026-08-12T18:10:11.787+0000] {subprocess.py:93} INFO - [0m18:10:11  5 of 7 START sql table model silver.performance ................................ [RUN]
[2026-08-12T18:10:11.882+0000] {subprocess.py:93} INFO - [0m18:10:11  4 of 7 OK created sql table model gold.dim_stage ............................... [[32mINSERT 0 7[0m in 1.81s]
[2026-08-12T18:10:11.886+0000] {subprocess.py:93} INFO - [0m18:10:11  1 of 7 OK created sql table model gold.dim_date ................................ [[32mINSERT 0 56[0m in 1.86s]
[2026-08-12T18:10:12.538+0000] {subprocess.py:93} INFO - [0m18:10:12  5 of 7 OK created sql table model silver.performance ........................... [[32mSELECT 29624[0m in 0.74s]
[2026-08-12T18:10:12.554+0000] {subprocess.py:93} INFO - [0m18:10:12  6 of 7 START sql table model gold.dim_lc ....................................... [RUN]
[2026-08-12T18:10:12.958+0000] {subprocess.py:93} INFO - [0m18:10:12  6 of 7 OK created sql table model gold.dim_lc .................................. [[32mINSERT 0 14[0m in 0.39s]
[2026-08-12T18:10:12.975+0000] {subprocess.py:93} INFO - [0m18:10:12  7 of 7 START sql table model gold.fact_performance ............................. [RUN]
[2026-08-12T18:10:17.286+0000] {subprocess.py:93} INFO - [0m18:10:17  7 of 7 OK created sql table model gold.fact_performance ........................ [[32mSELECT 29624[0m in 4.30s]
[2026-08-12T18:10:17.443+0000] {subprocess.py:93} INFO - [0m18:10:17
[2026-08-12T18:10:17.460+0000] {subprocess.py:93} INFO - [0m18:10:17  Finished running 7 table models in 0 hours 0 minutes and 8.94 seconds (8.94s).
[2026-08-12T18:10:17.714+0000] {subprocess.py:93} INFO - [0m18:10:17
[2026-08-12T18:10:17.717+0000] {subprocess.py:93} INFO - [0m18:10:17  [32mCompleted successfully[0m
[2026-08-12T18:10:17.721+0000] {subprocess.py:93} INFO - [0m18:10:17
[2026-08-12T18:10:17.724+0000] {subprocess.py:93} INFO - [0m18:10:17  Done. PASS=7 WARN=0 ERROR=0 SKIP=0 TOTAL=7
[2026-08-12T18:10:19.197+0000] {subprocess.py:97} INFO - Command exited with return code 0
[2026-08-12T18:10:19.201+0000] {taskinstance.py:441} INFO - ::group::Post task execution logs
[2026-08-12T18:10:19.319+0000] {taskinstance.py:1206} INFO - Marking task as SUCCESS. dag_id=daily_scrape_and_load, task_id=dbt_run, run_id=manual__2026-08-12T18:09:07.258540+00:00, execution_date=20260812T180907, start_date=20260812T180936, end_date=20260812T181019
[2026-08-12T18:10:19.389+0000] {local_task_job_runner.py:240} INFO - Task exited with return code 0
[2026-08-12T18:10:19.434+0000] {taskinstance.py:3503} INFO - 0 downstream tasks scheduled from follow-on schedule check
[2026-08-12T18:10:19.439+0000] {local_task_job_runner.py:222} INFO - ::endgroup::
