[2026-08-12T18:09:11.623+0000] {local_task_job_runner.py:120} INFO - ::group::Pre task execution logs
[2026-08-12T18:09:12.181+0000] {taskinstance.py:2076} INFO - Dependencies all met for dep_context=non-requeueable deps ti=<TaskInstance: daily_scrape_and_load.scrape_current_month manual__2026-08-12T18:09:07.258540+00:00 [queued]>
[2026-08-12T18:09:12.201+0000] {taskinstance.py:2076} INFO - Dependencies all met for dep_context=requeueable deps ti=<TaskInstance: daily_scrape_and_load.scrape_current_month manual__2026-08-12T18:09:07.258540+00:00 [queued]>
[2026-08-12T18:09:12.202+0000] {taskinstance.py:2306} INFO - Starting attempt 1 of 3
[2026-08-12T18:09:12.233+0000] {taskinstance.py:2330} INFO - Executing <Task(PythonOperator): scrape_current_month> on 2026-08-12 18:09:07.258540+00:00
[2026-08-12T18:09:12.271+0000] {standard_task_runner.py:90} INFO - Running: ['airflow', 'tasks', 'run', 'daily_scrape_and_load', 'scrape_current_month', 'manual__2026-08-12T18:09:07.258540+00:00', '--job-id', '22', '--raw', '--subdir', 'DAGS_FOLDER/daily_scrape_and_load.py', '--cfg-path', '/tmp/tmptfhq9w3m']
[2026-08-12T18:09:12.278+0000] {standard_task_runner.py:91} INFO - Job 22: Subtask scrape_current_month
[2026-08-12T18:09:12.280+0000] {logging_mixin.py:188} WARNING - /home/airflow/.local/lib/python3.12/site-packages/airflow/task/task_runner/standard_task_runner.py:61 DeprecationWarning: This process (pid=681) is multi-threaded, use of fork() may lead to deadlocks in the child.
[2026-08-12T18:09:12.282+0000] {standard_task_runner.py:63} INFO - Started process 683 to run task
[2026-08-12T18:09:12.834+0000] {task_command.py:426} INFO - Running <TaskInstance: daily_scrape_and_load.scrape_current_month manual__2026-08-12T18:09:07.258540+00:00 [running]> on host 257838aa279f
[2026-08-12T18:09:13.761+0000] {taskinstance.py:2648} INFO - Exporting env vars: AIRFLOW_CTX_DAG_OWNER='***_tunisia' AIRFLOW_CTX_DAG_ID='daily_scrape_and_load' AIRFLOW_CTX_TASK_ID='scrape_current_month' AIRFLOW_CTX_EXECUTION_DATE='2026-08-12T18:09:07.258540+00:00' AIRFLOW_CTX_TRY_NUMBER='1' AIRFLOW_CTX_DAG_RUN_ID='manual__2026-08-12T18:09:07.258540+00:00'
[2026-08-12T18:09:13.778+0000] {taskinstance.py:430} INFO - ::endgroup::
[2026-08-12T18:09:13.949+0000] {logging_mixin.py:188} INFO - Scraping current month so far: 08/01/2026 to 08/12/2026
[2026-08-12T18:09:28.767+0000] {logging_mixin.py:188} INFO - ✔ Saved data/raw/core_2026_08_current.csv (14 rows)
[2026-08-12T18:09:28.772+0000] {python.py:237} INFO - Done. Returned value was: data/raw/core_2026_08_current.csv
[2026-08-12T18:09:28.774+0000] {taskinstance.py:441} INFO - ::group::Post task execution logs
[2026-08-12T18:09:28.877+0000] {taskinstance.py:1206} INFO - Marking task as SUCCESS. dag_id=daily_scrape_and_load, task_id=scrape_current_month, run_id=manual__2026-08-12T18:09:07.258540+00:00, execution_date=20260812T180907, start_date=20260812T180912, end_date=20260812T180928
[2026-08-12T18:09:28.970+0000] {local_task_job_runner.py:240} INFO - Task exited with return code 0
[2026-08-12T18:09:29.043+0000] {taskinstance.py:3503} INFO - 0 downstream tasks scheduled from follow-on schedule check
[2026-08-12T18:09:29.050+0000] {local_task_job_runner.py:222} INFO - ::endgroup::
